// Jest Snapshot v1, https://goo.gl/fbAQLP

exports[`App Component Tests renders correctly 1`] = `ShallowWrapper {}`;
