// Jest Snapshot v1, https://goo.gl/fbAQLP

exports[`Drink Detail Component Tests renders correctly 1`] = `ShallowWrapper {}`;
