// Jest Snapshot v1, https://goo.gl/fbAQLP

exports[`Drinks Component Tests renders correctly 1`] = `ShallowWrapper {}`;
