// Jest Snapshot v1, https://goo.gl/fbAQLP

exports[`Category Page Component Tests renders correctly 1`] = `ShallowWrapper {}`;
